<testsuites id="" name="" tests="1" failures="0" skipped="0" errors="0" time="4.056423000000001">
<testsuite name="example.spec.js" timestamp="2024-09-02T18:35:07.963Z" hostname="chromium" tests="1" failures="0" skipped="0" time="2.779" errors="0">
<testcase name="verify labels from playwrught" classname="example.spec.js" time="2.779">
<system-out>
<![CDATA[
[[ATTACHMENT|test-results/example-verify-labels-from-playwrught-chromium/video.webm]]

[[ATTACHMENT|test-results/example-verify-labels-from-playwrught-chromium/trace.zip]]
]]>
</system-out>
</testcase>
</testsuite>
</testsuites>